
> frontend@0.0.0 build
> vite build

[36mvite v7.3.1 [32mbuilding client environment for production...[36m[39m
transforming...
[32mΓ£ô[39m 453 modules transformed.
Γ£ù Build failed in 2.93s
error during build:
src/pages/Dashboard.jsx (3:9): "FiWallet" is not exported by "node_modules/react-icons/fi/index.mjs", imported by "src/pages/Dashboard.jsx".
file: D:/malviaproject/frontend/src/pages/Dashboard.jsx:3:9

1: import React, { useState } from 'react';
2: import { motion } from 'framer-motion';
3: import { FiWallet, FiTrendingUp, FiActivity } from 'react-icons/fi';
            ^
4: import MarketCard from '../components/MarketCard';
5: import BettingModal from '../components/BettingModal';

    at getRollupError (file:///D:/malviaproject/frontend/node_modules/rollup/dist/es/shared/parseAst.js:402:41)
    at error (file:///D:/malviaproject/frontend/node_modules/rollup/dist/es/shared/parseAst.js:398:42)
    at Module.error (file:///D:/malviaproject/frontend/node_modules/rollup/dist/es/shared/node-entry.js:17040:16)
    at Module.traceVariable (file:///D:/malviaproject/frontend/node_modules/rollup/dist/es/shared/node-entry.js:17452:29)
    at ModuleScope.findVariable (file:///D:/malviaproject/frontend/node_modules/rollup/dist/es/shared/node-entry.js:15070:39)
    at ReturnValueScope.findVariable (file:///D:/malviaproject/frontend/node_modules/rollup/dist/es/shared/node-entry.js:5673:38)
    at FunctionBodyScope.findVariable (file:///D:/malviaproject/frontend/node_modules/rollup/dist/es/shared/node-entry.js:5673:38)
    at Identifier.bind (file:///D:/malviaproject/frontend/node_modules/rollup/dist/es/shared/node-entry.js:5447:40)
    at CallExpression.bind (file:///D:/malviaproject/frontend/node_modules/rollup/dist/es/shared/node-entry.js:2825:28)
    at CallExpression.bind (file:///D:/malviaproject/frontend/node_modules/rollup/dist/es/shared/node-entry.js:12179:15)
